26-Jun-2026 14:36:33.500 INFORMAZIONI [main] org.apache.catalina.startup.VersionLoggerListener.log Server version name:   Apache Tomcat/9.0.87
26-Jun-2026 14:36:33.504 INFORMAZIONI [main] org.apache.catalina.startup.VersionLoggerListener.log Server built:          Mar 11 2024 10:12:34 UTC
26-Jun-2026 14:36:33.504 INFORMAZIONI [main] org.apache.catalina.startup.VersionLoggerListener.log Server version number: 9.0.87.0
26-Jun-2026 14:36:33.504 INFORMAZIONI [main] org.apache.catalina.startup.VersionLoggerListener.log OS Name:               Windows 11
26-Jun-2026 14:36:33.504 INFORMAZIONI [main] org.apache.catalina.startup.VersionLoggerListener.log OS Version:            10.0
26-Jun-2026 14:36:33.504 INFORMAZIONI [main] org.apache.catalina.startup.VersionLoggerListener.log Architecture:          amd64
26-Jun-2026 14:36:33.505 INFORMAZIONI [main] org.apache.catalina.startup.VersionLoggerListener.log Java Home:             C:\Program Files\Microsoft\jdk-21.0.11.10-hotspot
26-Jun-2026 14:36:33.505 INFORMAZIONI [main] org.apache.catalina.startup.VersionLoggerListener.log JVM Version:           21.0.11+10-LTS
26-Jun-2026 14:36:33.505 INFORMAZIONI [main] org.apache.catalina.startup.VersionLoggerListener.log JVM Vendor:            Microsoft
26-Jun-2026 14:36:33.505 INFORMAZIONI [main] org.apache.catalina.startup.VersionLoggerListener.log CATALINA_BASE:         C:\Users\luczu\OneDrive\Documenti\GitHub\Progetto_WEB_2526\PROGETTO2_Docker\apache-tomcat-9.0.87
26-Jun-2026 14:36:33.505 INFORMAZIONI [main] org.apache.catalina.startup.VersionLoggerListener.log CATALINA_HOME:         C:\Users\luczu\OneDrive\Documenti\GitHub\Progetto_WEB_2526\PROGETTO2_Docker\apache-tomcat-9.0.87
26-Jun-2026 14:36:33.521 INFORMAZIONI [main] org.apache.catalina.startup.VersionLoggerListener.log Command line argument: --add-opens=java.base/java.lang=ALL-UNNAMED
26-Jun-2026 14:36:33.521 INFORMAZIONI [main] org.apache.catalina.startup.VersionLoggerListener.log Command line argument: --add-opens=java.base/java.io=ALL-UNNAMED
26-Jun-2026 14:36:33.521 INFORMAZIONI [main] org.apache.catalina.startup.VersionLoggerListener.log Command line argument: --add-opens=java.base/java.util=ALL-UNNAMED
26-Jun-2026 14:36:33.521 INFORMAZIONI [main] org.apache.catalina.startup.VersionLoggerListener.log Command line argument: --add-opens=java.base/java.util.concurrent=ALL-UNNAMED
26-Jun-2026 14:36:33.521 INFORMAZIONI [main] org.apache.catalina.startup.VersionLoggerListener.log Command line argument: --add-opens=java.rmi/sun.rmi.transport=ALL-UNNAMED
26-Jun-2026 14:36:33.522 INFORMAZIONI [main] org.apache.catalina.startup.VersionLoggerListener.log Command line argument: -Djava.util.logging.config.file=C:\Users\luczu\OneDrive\DOCUME~1\GitHub\PROGET~1\PROGET~1\apache-tomcat-9.0.87\conf\logging.properties
26-Jun-2026 14:36:33.522 INFORMAZIONI [main] org.apache.catalina.startup.VersionLoggerListener.log Command line argument: -Djava.util.logging.manager=org.apache.juli.ClassLoaderLogManager
26-Jun-2026 14:36:33.522 INFORMAZIONI [main] org.apache.catalina.startup.VersionLoggerListener.log Command line argument: -Djdk.tls.ephemeralDHKeySize=2048
26-Jun-2026 14:36:33.522 INFORMAZIONI [main] org.apache.catalina.startup.VersionLoggerListener.log Command line argument: -Djava.protocol.handler.pkgs=org.apache.catalina.webresources
26-Jun-2026 14:36:33.522 INFORMAZIONI [main] org.apache.catalina.startup.VersionLoggerListener.log Command line argument: -Dignore.endorsed.dirs=
26-Jun-2026 14:36:33.523 INFORMAZIONI [main] org.apache.catalina.startup.VersionLoggerListener.log Command line argument: -Dcatalina.base=C:\Users\luczu\OneDrive\DOCUME~1\GitHub\PROGET~1\PROGET~1\apache-tomcat-9.0.87
26-Jun-2026 14:36:33.523 INFORMAZIONI [main] org.apache.catalina.startup.VersionLoggerListener.log Command line argument: -Dcatalina.home=C:\Users\luczu\OneDrive\DOCUME~1\GitHub\PROGET~1\PROGET~1\apache-tomcat-9.0.87
26-Jun-2026 14:36:33.523 INFORMAZIONI [main] org.apache.catalina.startup.VersionLoggerListener.log Command line argument: -Djava.io.tmpdir=C:\Users\luczu\OneDrive\DOCUME~1\GitHub\PROGET~1\PROGET~1\apache-tomcat-9.0.87\temp
26-Jun-2026 14:36:33.531 INFORMAZIONI [main] org.apache.catalina.core.AprLifecycleListener.lifecycleEvent The Apache Tomcat Native library which allows using OpenSSL was not found on the java.library.path: [C:\Program Files\Microsoft\jdk-21.0.11.10-hotspot\bin;C:\WINDOWS\Sun\Java\bin;C:\WINDOWS\system32;C:\WINDOWS;C:\Program Files\Microsoft\jdk-21.0.11.10-hotspot\bin;C:\Program Files (x86)\Common Files\Oracle\Java\javapath;C:\WINDOWS\system32;C:\WINDOWS;C:\WINDOWS\System32\Wbem;C:\WINDOWS\System32\WindowsPowerShell\v1.0\;C:\WINDOWS\System32\OpenSSH\;C:\Program Files\dotnet\;C:\Program Files (x86)\NVIDIA Corporation\PhysX\Common;C:\WINDOWS\system32;C:\WINDOWS;C:\WINDOWS\System32\Wbem;C:\WINDOWS\System32\WindowsPowerShell\v1.0\;C:\WINDOWS\System32\OpenSSH\;C:\Program Files\NVIDIA Corporation\NVIDIA app\NvDLISR;C:\Program Files (x86)\CODESYS\APInstaller\;C:\Users\luczu\AppData\Local\Microsoft\WindowsApps;C:\Users\luczu\AppData\Local\GitHubDesktop\bin;.]
26-Jun-2026 14:36:33.830 INFORMAZIONI [main] org.apache.coyote.AbstractProtocol.init Initializing ProtocolHandler ["http-nio-8080"]
26-Jun-2026 14:36:33.853 INFORMAZIONI [main] org.apache.catalina.startup.Catalina.load Server initialization in [560] milliseconds
26-Jun-2026 14:36:33.898 INFORMAZIONI [main] org.apache.catalina.core.StandardService.startInternal Starting service [Catalina]
26-Jun-2026 14:36:33.898 INFORMAZIONI [main] org.apache.catalina.core.StandardEngine.startInternal Starting Servlet engine: [Apache Tomcat/9.0.87]
26-Jun-2026 14:36:33.916 INFORMAZIONI [main] org.apache.catalina.startup.HostConfig.deployWAR Deploying web application archive [C:\Users\luczu\OneDrive\Documenti\GitHub\Progetto_WEB_2526\PROGETTO2_Docker\apache-tomcat-9.0.87\webapps\progetto-web.war]
26-Jun-2026 14:36:33.934 INFORMAZIONI [main] org.apache.catalina.startup.ExpandWar.expand An expanded directory [C:\Users\luczu\OneDrive\Documenti\GitHub\Progetto_WEB_2526\PROGETTO2_Docker\apache-tomcat-9.0.87\webapps\progetto-web] was found with a last modified time that did not match the associated WAR. It will be deleted.
26-Jun-2026 14:36:35.118 INFORMAZIONI [main] org.apache.jasper.servlet.TldScanner.scanJars At least one JAR was scanned for TLDs yet contained no TLDs. Enable debug logging for this logger for a complete list of JARs that were scanned but no TLDs were found in them. Skipping unneeded JARs during scanning can improve startup time and JSP compilation time.
26-Jun-2026 14:36:35.170 INFORMAZIONI [main] org.apache.catalina.startup.HostConfig.deployWAR Deployment of web application archive [C:\Users\luczu\OneDrive\Documenti\GitHub\Progetto_WEB_2526\PROGETTO2_Docker\apache-tomcat-9.0.87\webapps\progetto-web.war] has finished in [1,253] ms
26-Jun-2026 14:36:35.171 INFORMAZIONI [main] org.apache.catalina.startup.HostConfig.deployDirectory Deploying web application directory [C:\Users\luczu\OneDrive\Documenti\GitHub\Progetto_WEB_2526\PROGETTO2_Docker\apache-tomcat-9.0.87\webapps\docs]
26-Jun-2026 14:36:35.213 INFORMAZIONI [main] org.apache.catalina.startup.HostConfig.deployDirectory Deployment of web application directory [C:\Users\luczu\OneDrive\Documenti\GitHub\Progetto_WEB_2526\PROGETTO2_Docker\apache-tomcat-9.0.87\webapps\docs] has finished in [42] ms
26-Jun-2026 14:36:35.214 INFORMAZIONI [main] org.apache.catalina.startup.HostConfig.deployDirectory Deploying web application directory [C:\Users\luczu\OneDrive\Documenti\GitHub\Progetto_WEB_2526\PROGETTO2_Docker\apache-tomcat-9.0.87\webapps\examples]
26-Jun-2026 14:36:35.744 INFORMAZIONI [main] org.apache.catalina.startup.HostConfig.deployDirectory Deployment of web application directory [C:\Users\luczu\OneDrive\Documenti\GitHub\Progetto_WEB_2526\PROGETTO2_Docker\apache-tomcat-9.0.87\webapps\examples] has finished in [530] ms
26-Jun-2026 14:36:35.745 INFORMAZIONI [main] org.apache.catalina.startup.HostConfig.deployDirectory Deploying web application directory [C:\Users\luczu\OneDrive\Documenti\GitHub\Progetto_WEB_2526\PROGETTO2_Docker\apache-tomcat-9.0.87\webapps\host-manager]
26-Jun-2026 14:36:35.790 INFORMAZIONI [main] org.apache.catalina.startup.HostConfig.deployDirectory Deployment of web application directory [C:\Users\luczu\OneDrive\Documenti\GitHub\Progetto_WEB_2526\PROGETTO2_Docker\apache-tomcat-9.0.87\webapps\host-manager] has finished in [44] ms
26-Jun-2026 14:36:35.790 INFORMAZIONI [main] org.apache.catalina.startup.HostConfig.deployDirectory Deploying web application directory [C:\Users\luczu\OneDrive\Documenti\GitHub\Progetto_WEB_2526\PROGETTO2_Docker\apache-tomcat-9.0.87\webapps\manager]
26-Jun-2026 14:36:35.836 INFORMAZIONI [main] org.apache.catalina.startup.HostConfig.deployDirectory Deployment of web application directory [C:\Users\luczu\OneDrive\Documenti\GitHub\Progetto_WEB_2526\PROGETTO2_Docker\apache-tomcat-9.0.87\webapps\manager] has finished in [46] ms
26-Jun-2026 14:36:35.836 INFORMAZIONI [main] org.apache.catalina.startup.HostConfig.deployDirectory Deploying web application directory [C:\Users\luczu\OneDrive\Documenti\GitHub\Progetto_WEB_2526\PROGETTO2_Docker\apache-tomcat-9.0.87\webapps\ROOT]
26-Jun-2026 14:36:35.871 INFORMAZIONI [main] org.apache.catalina.startup.HostConfig.deployDirectory Deployment of web application directory [C:\Users\luczu\OneDrive\Documenti\GitHub\Progetto_WEB_2526\PROGETTO2_Docker\apache-tomcat-9.0.87\webapps\ROOT] has finished in [34] ms
26-Jun-2026 14:36:35.874 INFORMAZIONI [main] org.apache.coyote.AbstractProtocol.start Starting ProtocolHandler ["http-nio-8080"]
26-Jun-2026 14:36:35.897 INFORMAZIONI [main] org.apache.catalina.startup.Catalina.start Server startup in [2042] milliseconds
